// Jest Snapshot v1, https://goo.gl/fbAQLP

exports[`renders correctly 1`] = `
<div>
  <img
    alt="Beer bottle image"
    src="src-path"
  />
  <h2>
    Beer name
  </h2>
  <h4>
    Alc. 5% By Vol.
  </h4>
  <p>
    Lorem ipmsum
  </p>
</div>
`;
