// Jest Snapshot v1, https://goo.gl/fbAQLP

exports[`renders correctly 1`] = `
<div>
  <div>
    <span>
      1
    </span>
  </div>
  <img
    alt=""
    src="temperature.png"
  />
  <span>
    19ÂºC
  </span>
  <span>
    10s
  </span>
</div>
`;
