// Jest Snapshot v1, https://goo.gl/fbAQLP

exports[`renders correctly 1`] = `
<div>
  <h2>
    My title
  </h2>
  <div>
    <div>
      <div
        style={
          Object {
            "flex": 1,
          }
        }
      >
        <span>
          Fuggles
        </span>
      </div>
      <div
        style={
          Object {
            "flex": 1,
          }
        }
      >
        <img
          alt=""
          src="weight.png"
        />
        <span>
          25 grams
        </span>
      </div>
      <div
        style={
          Object {
            "flex": 1,
          }
        }
      >
        <img
          alt=""
          src="time.png"
        />
        <span>
          start
        </span>
      </div>
      <div
        style={
          Object {
            "flex": 1,
          }
        }
      >
        <img
          alt=""
          src="label.png"
        />
        <span>
          bitter
        </span>
      </div>
      <div>
        <div
          className="undefined "
          onClick={[Function]}
          style={
            Object {
              "background": "white",
            }
          }
        >
          <p>
            Add
          </p>
          <div
            className="undefined "
            style={
              Object {
                "width": "NaN%",
              }
            }
          />
        </div>
      </div>
    </div>
    <div>
      <div
        style={
          Object {
            "flex": 1,
          }
        }
      >
        <span>
          First Gold
        </span>
      </div>
      <div
        style={
          Object {
            "flex": 1,
          }
        }
      >
        <img
          alt=""
          src="weight.png"
        />
        <span>
          25 grams
        </span>
      </div>
      <div
        style={
          Object {
            "flex": 1,
          }
        }
      >
        <img
          alt=""
          src="time.png"
        />
        <span>
          start
        </span>
      </div>
      <div
        style={
          Object {
            "flex": 1,
          }
        }
      >
        <img
          alt=""
          src="label.png"
        />
        <span>
          bitter
        </span>
      </div>
      <div>
        <div
          className="undefined "
          onClick={[Function]}
          style={
            Object {
              "background": "white",
            }
          }
        >
          <p>
            Add
          </p>
          <div
            className="undefined "
            style={
              Object {
                "width": "NaN%",
              }
            }
          />
        </div>
      </div>
    </div>
    <div>
      <div
        style={
          Object {
            "flex": 1,
          }
        }
      >
        <span>
          Fuggles
        </span>
      </div>
      <div
        style={
          Object {
            "flex": 1,
          }
        }
      >
        <img
          alt=""
          src="weight.png"
        />
        <span>
          37.5 grams
        </span>
      </div>
      <div
        style={
          Object {
            "flex": 1,
          }
        }
      >
        <img
          alt=""
          src="time.png"
        />
        <span>
          middle
        </span>
      </div>
      <div
        style={
          Object {
            "flex": 1,
          }
        }
      >
        <img
          alt=""
          src="label.png"
        />
        <span>
          flavour
        </span>
      </div>
      <div>
        <div
          className="undefined undefined"
          onClick={[Function]}
          style={
            Object {
              "background": undefined,
            }
          }
        >
          <p>
            Add prev
          </p>
          <div
            className="undefined "
            style={
              Object {
                "width": "NaN%",
              }
            }
          />
        </div>
      </div>
    </div>
    <div>
      <div
        style={
          Object {
            "flex": 1,
          }
        }
      >
        <span>
          First Gold
        </span>
      </div>
      <div
        style={
          Object {
            "flex": 1,
          }
        }
      >
        <img
          alt=""
          src="weight.png"
        />
        <span>
          37.5 grams
        </span>
      </div>
      <div
        style={
          Object {
            "flex": 1,
          }
        }
      >
        <img
          alt=""
          src="time.png"
        />
        <span>
          middle
        </span>
      </div>
      <div
        style={
          Object {
            "flex": 1,
          }
        }
      >
        <img
          alt=""
          src="label.png"
        />
        <span>
          flavour
        </span>
      </div>
      <div>
        <div
          className="undefined undefined"
          onClick={[Function]}
          style={
            Object {
              "background": undefined,
            }
          }
        >
          <p>
            Add prev
          </p>
          <div
            className="undefined "
            style={
              Object {
                "width": "NaN%",
              }
            }
          />
        </div>
      </div>
    </div>
    <div>
      <div
        style={
          Object {
            "flex": 1,
          }
        }
      >
        <span>
          Cascade
        </span>
      </div>
      <div
        style={
          Object {
            "flex": 1,
          }
        }
      >
        <img
          alt=""
          src="weight.png"
        />
        <span>
          37.5 grams
        </span>
      </div>
      <div
        style={
          Object {
            "flex": 1,
          }
        }
      >
        <img
          alt=""
          src="time.png"
        />
        <span>
          end
        </span>
      </div>
      <div
        style={
          Object {
            "flex": 1,
          }
        }
      >
        <img
          alt=""
          src="label.png"
        />
        <span>
          flavour
        </span>
      </div>
      <div>
        <div
          className="undefined undefined"
          onClick={[Function]}
          style={
            Object {
              "background": undefined,
            }
          }
        >
          <p>
            Add prev
          </p>
          <div
            className="undefined "
            style={
              Object {
                "width": "NaN%",
              }
            }
          />
        </div>
      </div>
    </div>
  </div>
</div>
`;
