// Jest Snapshot v1, https://goo.gl/fbAQLP

exports[`renders correctly 1`] = `
<div
  style={
    Object {
      "backgroundColor": "white",
    }
  }
>
  <div>
    <div>
      <div>
        <svg
          viewBox="0 0 1445.797 391.5"
          xmlns="http://www.w3.org/2000/svg"
        >
          <defs>
            <linearGradient
              gradientUnits="objectBoundingBox"
              id="linear-gradient"
              x1="0.061"
              x2="1.479"
              y2="1.666"
            >
              <stop
                offset="0"
              />
              <stop
                offset="1"
              />
            </linearGradient>
          </defs>
          <path
            d="M722.9,0c399.246,0,722.9,175.281,722.9,391.5H0C0,175.281,323.653,0,722.9,0Z"
            fill="url(#linear-gradient)"
            transform="translate(1445.797 391.5) rotate(180)"
          />
        </svg>
      </div>
      <a
        href="/"
        onClick={[Function]}
      >
        <img
          alt="Back arrow icon"
          src="back-arrow.png"
        />
        Back
      </a>
      <div>
        <div>
          <img
            alt="Beer bottle image"
            src="https://images.punkapi.com/v2/keg.png"
          />
          <h2>
            Buzz
          </h2>
          <h4>
            Alc. 4.5% By Vol.
          </h4>
          <p>
            A light, crisp and bitter IPA brewed with English and American hops. A small batch brewed only once.
          </p>
        </div>
        <div>
          <h2>
            Hops
          </h2>
          <div>
            <div>
              <div
                style={
                  Object {
                    "flex": 1,
                  }
                }
              >
                <span>
                  Fuggles
                </span>
              </div>
              <div
                style={
                  Object {
                    "flex": 1,
                  }
                }
              >
                <img
                  alt=""
                  src="weight.png"
                />
                <span>
                  25 grams
                </span>
              </div>
              <div
                style={
                  Object {
                    "flex": 1,
                  }
                }
              >
                <img
                  alt=""
                  src="time.png"
                />
                <span>
                  start
                </span>
              </div>
              <div
                style={
                  Object {
                    "flex": 1,
                  }
                }
              >
                <img
                  alt=""
                  src="label.png"
                />
                <span>
                  bitter
                </span>
              </div>
              <div>
                <div
                  className="undefined "
                  onClick={[Function]}
                  style={
                    Object {
                      "background": undefined,
                    }
                  }
                >
                  <p>
                    Add
                  </p>
                  <div
                    className="undefined "
                    style={
                      Object {
                        "width": "NaN%",
                      }
                    }
                  />
                </div>
              </div>
            </div>
            <div>
              <div
                style={
                  Object {
                    "flex": 1,
                  }
                }
              >
                <span>
                  First Gold
                </span>
              </div>
              <div
                style={
                  Object {
                    "flex": 1,
                  }
                }
              >
                <img
                  alt=""
                  src="weight.png"
                />
                <span>
                  25 grams
                </span>
              </div>
              <div
                style={
                  Object {
                    "flex": 1,
                  }
                }
              >
                <img
                  alt=""
                  src="time.png"
                />
                <span>
                  start
                </span>
              </div>
              <div
                style={
                  Object {
                    "flex": 1,
                  }
                }
              >
                <img
                  alt=""
                  src="label.png"
                />
                <span>
                  bitter
                </span>
              </div>
              <div>
                <div
                  className="undefined "
                  onClick={[Function]}
                  style={
                    Object {
                      "background": undefined,
                    }
                  }
                >
                  <p>
                    Add
                  </p>
                  <div
                    className="undefined "
                    style={
                      Object {
                        "width": "NaN%",
                      }
                    }
                  />
                </div>
              </div>
            </div>
            <div>
              <div
                style={
                  Object {
                    "flex": 1,
                  }
                }
              >
                <span>
                  Fuggles
                </span>
              </div>
              <div
                style={
                  Object {
                    "flex": 1,
                  }
                }
              >
                <img
                  alt=""
                  src="weight.png"
                />
                <span>
                  37.5 grams
                </span>
              </div>
              <div
                style={
                  Object {
                    "flex": 1,
                  }
                }
              >
                <img
                  alt=""
                  src="time.png"
                />
                <span>
                  middle
                </span>
              </div>
              <div
                style={
                  Object {
                    "flex": 1,
                  }
                }
              >
                <img
                  alt=""
                  src="label.png"
                />
                <span>
                  flavour
                </span>
              </div>
              <div>
                <div
                  className="undefined undefined"
                  onClick={[Function]}
                  style={
                    Object {
                      "background": undefined,
                    }
                  }
                >
                  <p>
                    Add prev
                  </p>
                  <div
                    className="undefined "
                    style={
                      Object {
                        "width": "NaN%",
                      }
                    }
                  />
                </div>
              </div>
            </div>
            <div>
              <div
                style={
                  Object {
                    "flex": 1,
                  }
                }
              >
                <span>
                  First Gold
                </span>
              </div>
              <div
                style={
                  Object {
                    "flex": 1,
                  }
                }
              >
                <img
                  alt=""
                  src="weight.png"
                />
                <span>
                  37.5 grams
                </span>
              </div>
              <div
                style={
                  Object {
                    "flex": 1,
                  }
                }
              >
                <img
                  alt=""
                  src="time.png"
                />
                <span>
                  middle
                </span>
              </div>
              <div
                style={
                  Object {
                    "flex": 1,
                  }
                }
              >
                <img
                  alt=""
                  src="label.png"
                />
                <span>
                  flavour
                </span>
              </div>
              <div>
                <div
                  className="undefined undefined"
                  onClick={[Function]}
                  style={
                    Object {
                      "background": undefined,
                    }
                  }
                >
                  <p>
                    Add prev
                  </p>
                  <div
                    className="undefined "
                    style={
                      Object {
                        "width": "NaN%",
                      }
                    }
                  />
                </div>
              </div>
            </div>
            <div>
              <div
                style={
                  Object {
                    "flex": 1,
                  }
                }
              >
                <span>
                  Cascade
                </span>
              </div>
              <div
                style={
                  Object {
                    "flex": 1,
                  }
                }
              >
                <img
                  alt=""
                  src="weight.png"
                />
                <span>
                  37.5 grams
                </span>
              </div>
              <div
                style={
                  Object {
                    "flex": 1,
                  }
                }
              >
                <img
                  alt=""
                  src="time.png"
                />
                <span>
                  end
                </span>
              </div>
              <div
                style={
                  Object {
                    "flex": 1,
                  }
                }
              >
                <img
                  alt=""
                  src="label.png"
                />
                <span>
                  flavour
                </span>
              </div>
              <div>
                <div
                  className="undefined undefined"
                  onClick={[Function]}
                  style={
                    Object {
                      "background": undefined,
                    }
                  }
                >
                  <p>
                    Add prev
                  </p>
                  <div
                    className="undefined "
                    style={
                      Object {
                        "width": "NaN%",
                      }
                    }
                  />
                </div>
              </div>
            </div>
          </div>
        </div>
        <div>
          <h2>
            Malts
          </h2>
          <div>
            <div>
              <div
                style={
                  Object {
                    "flex": 1,
                  }
                }
              >
                <span>
                  Maris Otter Extra Pale
                </span>
              </div>
              <div
                style={
                  Object {
                    "flex": 1,
                  }
                }
              >
                <img
                  alt=""
                  src="weight.png"
                />
                <span>
                  3.3 kilograms
                </span>
              </div>
              <div>
                <div
                  className="undefined "
                  onClick={[Function]}
                  style={
                    Object {
                      "background": undefined,
                    }
                  }
                >
                  <p>
                    Add
                  </p>
                  <div
                    className="undefined "
                    style={
                      Object {
                        "width": "NaN%",
                      }
                    }
                  />
                </div>
              </div>
            </div>
            <div>
              <div
                style={
                  Object {
                    "flex": 1,
                  }
                }
              >
                <span>
                  Caramalt
                </span>
              </div>
              <div
                style={
                  Object {
                    "flex": 1,
                  }
                }
              >
                <img
                  alt=""
                  src="weight.png"
                />
                <span>
                  0.2 kilograms
                </span>
              </div>
              <div>
                <div
                  className="undefined "
                  onClick={[Function]}
                  style={
                    Object {
                      "background": undefined,
                    }
                  }
                >
                  <p>
                    Add
                  </p>
                  <div
                    className="undefined "
                    style={
                      Object {
                        "width": "NaN%",
                      }
                    }
                  />
                </div>
              </div>
            </div>
            <div>
              <div
                style={
                  Object {
                    "flex": 1,
                  }
                }
              >
                <span>
                  Munich
                </span>
              </div>
              <div
                style={
                  Object {
                    "flex": 1,
                  }
                }
              >
                <img
                  alt=""
                  src="weight.png"
                />
                <span>
                  0.4 kilograms
                </span>
              </div>
              <div>
                <div
                  className="undefined "
                  onClick={[Function]}
                  style={
                    Object {
                      "background": undefined,
                    }
                  }
                >
                  <p>
                    Add
                  </p>
                  <div
                    className="undefined "
                    style={
                      Object {
                        "width": "NaN%",
                      }
                    }
                  />
                </div>
              </div>
            </div>
          </div>
        </div>
        <div>
          <h2>
            Methods
          </h2>
          <div>
            <div>
              <div
                style={
                  Object {
                    "flex": 1,
                  }
                }
              >
                <div>
                  <div>
                    <div>
                      <span>
                        1
                      </span>
                    </div>
                    <img
                      alt=""
                      src="temperature.png"
                    />
                    <span>
                      64ºC
                    </span>
                    <span>
                      5s
                    </span>
                  </div>
                </div>
              </div>
              <div
                style={
                  Object {
                    "flex": 1,
                  }
                }
              >
                <img
                  alt=""
                  src="fermentation.png"
                />
                <span>
                  19ºC
                </span>
              </div>
              <div
                style={
                  Object {
                    "flex": 2,
                  }
                }
              >
                <p>
                  -
                </p>
              </div>
              <div>
                <div
                  className="undefined "
                  onClick={[Function]}
                  style={
                    Object {
                      "background": undefined,
                    }
                  }
                >
                  <p>
                    Add
                  </p>
                  <div
                    className="undefined "
                    style={
                      Object {
                        "width": "100%",
                      }
                    }
                  />
                </div>
              </div>
            </div>
          </div>
        </div>
      </div>
    </div>
  </div>
</div>
`;
